

================================================================
== Vitis HLS Report for 'sgemm_Pipeline_VITIS_LOOP_76_1_calc_loop'
================================================================
* Date:           Wed Jul 31 23:41:34 2024

* Version:        2023.2 (Build 4023990 on Oct 11 2023)
* Project:        blas
* Solution:       hls (Vivado IP Flow Target)
* Product family: zynquplus
* Target device:  xck26-sfvc784-2LV-c


================================================================
== Performance Estimates
================================================================
+ Timing: 
    * Summary: 
    +--------+---------+----------+------------+
    |  Clock |  Target | Estimated| Uncertainty|
    +--------+---------+----------+------------+
    |ap_clk  |  4.00 ns|  3.239 ns|     1.08 ns|
    +--------+---------+----------+------------+

+ Latency: 
    * Summary: 
    +---------+---------+----------+-----------+-----+------+---------+
    |  Latency (cycles) |  Latency (absolute)  |  Interval  | Pipeline|
    |   min   |   max   |    min   |    max    | min |  max |   Type  |
    +---------+---------+----------+-----------+-----+------+---------+
    |        2|     6953|  8.000 ns|  27.812 us|    2|  6953|       no|
    +---------+---------+----------+-----------+-----+------+---------+

    + Detail: 
        * Instance: 
        +--------------------------------------------------------+---------------------------------------------+---------+---------+----------+----------+-----+-----+---------+
        |                                                        |                                             |  Latency (cycles) |  Latency (absolute) |  Interval | Pipeline|
        |                        Instance                        |                    Module                   |   min   |   max   |    min   |    max   | min | max |   Type  |
        +--------------------------------------------------------+---------------------------------------------+---------+---------+----------+----------+-----+-----+---------+
        |grp_mmatmul_block_q4_0_const_block_q8_0_const_s_fu_179  |mmatmul_block_q4_0_const_block_q8_0_const_s  |       61|       61|  0.244 us|  0.244 us|    9|    9|      yes|
        +--------------------------------------------------------+---------------------------------------------+---------+---------+----------+----------+-----+-----+---------+

        * Loop: 
        +-----------------------------+---------+---------+----------+-----------+-----------+---------+----------+
        |                             |  Latency (cycles) | Iteration|  Initiation Interval  |   Trip  |          |
        |          Loop Name          |   min   |   max   |  Latency |  achieved |   target  |  Count  | Pipelined|
        +-----------------------------+---------+---------+----------+-----------+-----------+---------+----------+
        |- VITIS_LOOP_76_1_calc_loop  |        0|     6951|        76|          9|          1|  0 ~ 765|       yes|
        +-----------------------------+---------+---------+----------+-----------+-----------+---------+----------+



================================================================
== Utilization Estimates
================================================================
* Summary: 
+-----------------+---------+------+--------+--------+-----+
|       Name      | BRAM_18K|  DSP |   FF   |   LUT  | URAM|
+-----------------+---------+------+--------+--------+-----+
|DSP              |        -|     -|       -|       -|    -|
|Expression       |        -|     -|       0|     608|    -|
|FIFO             |        -|     -|       -|       -|    -|
|Instance         |        -|    16|    9987|   31316|    -|
|Memory           |        -|     -|       -|       -|    -|
|Multiplexer      |        -|     -|       -|     321|    -|
|Register         |        -|     -|     596|      64|    -|
+-----------------+---------+------+--------+--------+-----+
|Total            |        0|    16|   10583|   32309|    0|
+-----------------+---------+------+--------+--------+-----+
|Available        |      288|  1248|  234240|  117120|   64|
+-----------------+---------+------+--------+--------+-----+
|Utilization (%)  |        0|     1|       4|      27|    0|
+-----------------+---------+------+--------+--------+-----+

+ Detail: 
    * Instance: 
    +--------------------------------------------------------+---------------------------------------------+---------+----+------+-------+-----+
    |                        Instance                        |                    Module                   | BRAM_18K| DSP|  FF  |  LUT  | URAM|
    +--------------------------------------------------------+---------------------------------------------+---------+----+------+-------+-----+
    |hadd_16ns_16ns_16_5_full_dsp_1_x_U23                    |hadd_16ns_16ns_16_5_full_dsp_1_x             |        0|   2|   109|    113|    0|
    |grp_mmatmul_block_q4_0_const_block_q8_0_const_s_fu_179  |mmatmul_block_q4_0_const_block_q8_0_const_s  |        0|   4|  9443|  30960|    0|
    |mul_63s_63s_63_5_1_U24                                  |mul_63s_63s_63_5_1                           |        0|  10|   435|    243|    0|
    +--------------------------------------------------------+---------------------------------------------+---------+----+------+-------+-----+
    |Total                                                   |                                             |        0|  16|  9987|  31316|    0|
    +--------------------------------------------------------+---------------------------------------------+---------+----+------+-------+-----+

    * DSP: 
    N/A

    * Memory: 
    N/A

    * FIFO: 
    N/A

    * Expression: 
    +-----------------------------------+----------+----+---+----+------------+------------+
    |           Variable Name           | Operation| DSP| FF| LUT| Bitwidth P0| Bitwidth P1|
    +-----------------------------------+----------+----+---+----+------------+------------+
    |aa_fu_401_p2                       |         +|   0|  0|  64|          64|          64|
    |add36_i_fu_304_p2                  |         +|   0|  0|  70|          63|          63|
    |add_ln76_fu_247_p2                 |         +|   0|  0|  23|          16|           1|
    |add_ln80_2_fu_396_p2               |         +|   0|  0|  64|          64|          64|
    |add_ln80_fu_340_p2                 |         +|   0|  0|  70|          63|          63|
    |add_ln83_fu_310_p2                 |         +|   0|  0|   7|           4|           4|
    |bb_fu_370_p2                       |         +|   0|  0|  64|          64|          64|
    |grp_fu_201_p2                      |         +|   0|  0|  70|          63|          63|
    |i_3_fu_316_p2                      |         +|   0|  0|  12|           4|           1|
    |j_4_fu_256_p2                      |         +|   0|  0|  15|           8|           1|
    |tmp2_fu_365_p2                     |         +|   0|  0|  64|          64|          64|
    |sub_ln83_fu_294_p2                 |         -|   0|  0|   7|           4|           4|
    |ap_block_state10_pp0_stage0_iter1  |       and|   0|  0|   2|           1|           1|
    |ap_block_state19_pp0_stage0_iter2  |       and|   0|  0|   2|           1|           1|
    |ap_block_state28_pp0_stage0_iter3  |       and|   0|  0|   2|           1|           1|
    |icmp_ln76_fu_241_p2                |      icmp|   0|  0|  23|          16|          16|
    |icmp_ln78_fu_235_p2                |      icmp|   0|  0|  15|           8|           8|
    |ap_block_pp0_stage0_11001          |        or|   0|  0|   2|           1|           1|
    |ap_block_pp0_stage1_11001          |        or|   0|  0|   2|           1|           1|
    |ap_block_pp0_stage2_11001          |        or|   0|  0|   2|           1|           1|
    |ap_block_pp0_stage3_11001          |        or|   0|  0|   2|           1|           1|
    |ap_block_pp0_stage4_11001          |        or|   0|  0|   2|           1|           1|
    |ap_block_pp0_stage5_11001          |        or|   0|  0|   2|           1|           1|
    |ap_block_pp0_stage6_11001          |        or|   0|  0|   2|           1|           1|
    |ap_block_pp0_stage7_11001          |        or|   0|  0|   2|           1|           1|
    |ap_block_pp0_stage8_11001          |        or|   0|  0|   2|           1|           1|
    |ap_block_state11_pp0_stage1_iter1  |        or|   0|  0|   2|           1|           1|
    |select_ln76_1_fu_270_p3            |    select|   0|  0|   8|           1|           8|
    |select_ln76_fu_262_p3              |    select|   0|  0|   4|           1|           1|
    |ap_enable_pp0                      |       xor|   0|  0|   2|           1|           2|
    +-----------------------------------+----------+----+---+----+------------+------------+
    |Total                              |          |   0|  0| 608|         521|         504|
    +-----------------------------------+----------+----+---+----+------------+------------+

    * Multiplexer: 
    +--------------------------------------+----+-----------+-----+-----------+
    |                 Name                 | LUT| Input Size| Bits| Total Bits|
    +--------------------------------------+----+-----------+-----+-----------+
    |A_blk_n_AR                            |   9|          2|    1|          2|
    |A_blk_n_R                             |   9|          2|    1|          2|
    |B_blk_n_AR                            |   9|          2|    1|          2|
    |B_blk_n_R                             |   9|          2|    1|          2|
    |Cv_address0                           |  14|          3|    4|         12|
    |ap_NS_fsm                             |  54|         10|    1|         10|
    |ap_done_int                           |   9|          2|    1|          2|
    |ap_enable_reg_pp0_iter0               |   9|          2|    1|          2|
    |ap_enable_reg_pp0_iter1               |   9|          2|    1|          2|
    |ap_enable_reg_pp0_iter8               |   9|          2|    1|          2|
    |ap_loop_exit_ready_pp0_iter1_reg      |   9|          2|    1|          2|
    |ap_loop_exit_ready_pp0_iter2_reg      |   9|          2|    1|          2|
    |ap_loop_exit_ready_pp0_iter3_reg      |   9|          2|    1|          2|
    |ap_loop_exit_ready_pp0_iter4_reg      |   9|          2|    1|          2|
    |ap_loop_exit_ready_pp0_iter5_reg      |   9|          2|    1|          2|
    |ap_loop_exit_ready_pp0_iter6_reg      |   9|          2|    1|          2|
    |ap_loop_exit_ready_pp0_iter7_reg      |   9|          2|    1|          2|
    |ap_sig_allocacmp_i_2                  |   9|          2|    4|          8|
    |ap_sig_allocacmp_indvar_flatten_load  |   9|          2|   16|         32|
    |ap_sig_allocacmp_j_load               |   9|          2|    8|         16|
    |grp_fu_193_p0                         |  14|          3|   63|        189|
    |grp_fu_193_p1                         |  14|          3|   63|        189|
    |i_fu_100                              |   9|          2|    4|          8|
    |indvar_flatten_fu_108                 |   9|          2|   16|         32|
    |j_fu_104                              |   9|          2|    8|         16|
    |m_axi_A_ARVALID                       |   9|          2|    1|          2|
    |m_axi_A_RREADY                        |   9|          2|    1|          2|
    |m_axi_B_ARVALID                       |   9|          2|    1|          2|
    |m_axi_B_RREADY                        |   9|          2|    1|          2|
    +--------------------------------------+----+-----------+-----+-----------+
    |Total                                 | 321|         69|  206|        550|
    +--------------------------------------+----+-----------+-----+-----------+

    * Register: 
    +---------------------------------------------------------------------+----+----+-----+-----------+
    |                                 Name                                | FF | LUT| Bits| Const Bits|
    +---------------------------------------------------------------------+----+----+-----+-----------+
    |Cv_addr_reg_496                                                      |   4|   0|    4|          0|
    |Cv_addr_reg_496_pp0_iter8_reg                                        |   4|   0|    4|          0|
    |Cv_load_reg_501                                                      |  16|   0|   16|          0|
    |aa_reg_491                                                           |  64|   0|   64|          0|
    |add36_i_reg_471                                                      |  63|   0|   63|          0|
    |add41_i_reg_511                                                      |  16|   0|   16|          0|
    |add_ln80_reg_481                                                     |  63|   0|   63|          0|
    |add_ln83_reg_476                                                     |   4|   0|    4|          0|
    |ap_CS_fsm                                                            |   9|   0|    9|          0|
    |ap_done_reg                                                          |   1|   0|    1|          0|
    |ap_enable_reg_pp0_iter0_reg                                          |   1|   0|    1|          0|
    |ap_enable_reg_pp0_iter1                                              |   1|   0|    1|          0|
    |ap_enable_reg_pp0_iter2                                              |   1|   0|    1|          0|
    |ap_enable_reg_pp0_iter3                                              |   1|   0|    1|          0|
    |ap_enable_reg_pp0_iter4                                              |   1|   0|    1|          0|
    |ap_enable_reg_pp0_iter5                                              |   1|   0|    1|          0|
    |ap_enable_reg_pp0_iter6                                              |   1|   0|    1|          0|
    |ap_enable_reg_pp0_iter7                                              |   1|   0|    1|          0|
    |ap_enable_reg_pp0_iter8                                              |   1|   0|    1|          0|
    |ap_loop_exit_ready_pp0_iter1_reg                                     |   1|   0|    1|          0|
    |ap_loop_exit_ready_pp0_iter2_reg                                     |   1|   0|    1|          0|
    |ap_loop_exit_ready_pp0_iter3_reg                                     |   1|   0|    1|          0|
    |ap_loop_exit_ready_pp0_iter4_reg                                     |   1|   0|    1|          0|
    |ap_loop_exit_ready_pp0_iter5_reg                                     |   1|   0|    1|          0|
    |ap_loop_exit_ready_pp0_iter6_reg                                     |   1|   0|    1|          0|
    |ap_loop_exit_ready_pp0_iter7_reg                                     |   1|   0|    1|          0|
    |bb_reg_486                                                           |  64|   0|   64|          0|
    |grp_mmatmul_block_q4_0_const_block_q8_0_const_s_fu_179_ap_start_reg  |   1|   0|    1|          0|
    |i_fu_100                                                             |   4|   0|    4|          0|
    |icmp_ln76_reg_462                                                    |   1|   0|    1|          0|
    |indvar_flatten_fu_108                                                |  16|   0|   16|          0|
    |j_fu_104                                                             |   8|   0|    8|          0|
    |reg_197                                                              |  63|   0|   63|          0|
    |res_reg_506                                                          |  16|   0|   16|          0|
    |select_ln76_reg_466                                                  |   4|   0|    4|          0|
    |zext_ln72_cast_reg_457                                               |  31|   0|   63|         32|
    |add_ln83_reg_476                                                     |  64|  32|    4|          0|
    |icmp_ln76_reg_462                                                    |  64|  32|    1|          0|
    +---------------------------------------------------------------------+----+----+-----+-----------+
    |Total                                                                | 596|  64|  505|         32|
    +---------------------------------------------------------------------+----+----+-----+-----------+



================================================================
== Interface
================================================================
* Summary: 
+------------------+-----+-----+------------+------------------------------------------+--------------+
|     RTL Ports    | Dir | Bits|  Protocol  |               Source Object              |    C Type    |
+------------------+-----+-----+------------+------------------------------------------+--------------+
|ap_clk            |   in|    1|  ap_ctrl_hs|  sgemm_Pipeline_VITIS_LOOP_76_1_calc_loop|  return value|
|ap_rst            |   in|    1|  ap_ctrl_hs|  sgemm_Pipeline_VITIS_LOOP_76_1_calc_loop|  return value|
|ap_start          |   in|    1|  ap_ctrl_hs|  sgemm_Pipeline_VITIS_LOOP_76_1_calc_loop|  return value|
|ap_done           |  out|    1|  ap_ctrl_hs|  sgemm_Pipeline_VITIS_LOOP_76_1_calc_loop|  return value|
|ap_idle           |  out|    1|  ap_ctrl_hs|  sgemm_Pipeline_VITIS_LOOP_76_1_calc_loop|  return value|
|ap_ready          |  out|    1|  ap_ctrl_hs|  sgemm_Pipeline_VITIS_LOOP_76_1_calc_loop|  return value|
|m_axi_B_AWVALID   |  out|    1|       m_axi|                                         B|       pointer|
|m_axi_B_AWREADY   |   in|    1|       m_axi|                                         B|       pointer|
|m_axi_B_AWADDR    |  out|   64|       m_axi|                                         B|       pointer|
|m_axi_B_AWID      |  out|    1|       m_axi|                                         B|       pointer|
|m_axi_B_AWLEN     |  out|   32|       m_axi|                                         B|       pointer|
|m_axi_B_AWSIZE    |  out|    3|       m_axi|                                         B|       pointer|
|m_axi_B_AWBURST   |  out|    2|       m_axi|                                         B|       pointer|
|m_axi_B_AWLOCK    |  out|    2|       m_axi|                                         B|       pointer|
|m_axi_B_AWCACHE   |  out|    4|       m_axi|                                         B|       pointer|
|m_axi_B_AWPROT    |  out|    3|       m_axi|                                         B|       pointer|
|m_axi_B_AWQOS     |  out|    4|       m_axi|                                         B|       pointer|
|m_axi_B_AWREGION  |  out|    4|       m_axi|                                         B|       pointer|
|m_axi_B_AWUSER    |  out|    1|       m_axi|                                         B|       pointer|
|m_axi_B_WVALID    |  out|    1|       m_axi|                                         B|       pointer|
|m_axi_B_WREADY    |   in|    1|       m_axi|                                         B|       pointer|
|m_axi_B_WDATA     |  out|  512|       m_axi|                                         B|       pointer|
|m_axi_B_WSTRB     |  out|   64|       m_axi|                                         B|       pointer|
|m_axi_B_WLAST     |  out|    1|       m_axi|                                         B|       pointer|
|m_axi_B_WID       |  out|    1|       m_axi|                                         B|       pointer|
|m_axi_B_WUSER     |  out|    1|       m_axi|                                         B|       pointer|
|m_axi_B_ARVALID   |  out|    1|       m_axi|                                         B|       pointer|
|m_axi_B_ARREADY   |   in|    1|       m_axi|                                         B|       pointer|
|m_axi_B_ARADDR    |  out|   64|       m_axi|                                         B|       pointer|
|m_axi_B_ARID      |  out|    1|       m_axi|                                         B|       pointer|
|m_axi_B_ARLEN     |  out|   32|       m_axi|                                         B|       pointer|
|m_axi_B_ARSIZE    |  out|    3|       m_axi|                                         B|       pointer|
|m_axi_B_ARBURST   |  out|    2|       m_axi|                                         B|       pointer|
|m_axi_B_ARLOCK    |  out|    2|       m_axi|                                         B|       pointer|
|m_axi_B_ARCACHE   |  out|    4|       m_axi|                                         B|       pointer|
|m_axi_B_ARPROT    |  out|    3|       m_axi|                                         B|       pointer|
|m_axi_B_ARQOS     |  out|    4|       m_axi|                                         B|       pointer|
|m_axi_B_ARREGION  |  out|    4|       m_axi|                                         B|       pointer|
|m_axi_B_ARUSER    |  out|    1|       m_axi|                                         B|       pointer|
|m_axi_B_RVALID    |   in|    1|       m_axi|                                         B|       pointer|
|m_axi_B_RREADY    |  out|    1|       m_axi|                                         B|       pointer|
|m_axi_B_RDATA     |   in|  512|       m_axi|                                         B|       pointer|
|m_axi_B_RLAST     |   in|    1|       m_axi|                                         B|       pointer|
|m_axi_B_RID       |   in|    1|       m_axi|                                         B|       pointer|
|m_axi_B_RFIFONUM  |   in|    9|       m_axi|                                         B|       pointer|
|m_axi_B_RUSER     |   in|    1|       m_axi|                                         B|       pointer|
|m_axi_B_RRESP     |   in|    2|       m_axi|                                         B|       pointer|
|m_axi_B_BVALID    |   in|    1|       m_axi|                                         B|       pointer|
|m_axi_B_BREADY    |  out|    1|       m_axi|                                         B|       pointer|
|m_axi_B_BRESP     |   in|    2|       m_axi|                                         B|       pointer|
|m_axi_B_BID       |   in|    1|       m_axi|                                         B|       pointer|
|m_axi_B_BUSER     |   in|    1|       m_axi|                                         B|       pointer|
|m_axi_A_AWVALID   |  out|    1|       m_axi|                                         A|       pointer|
|m_axi_A_AWREADY   |   in|    1|       m_axi|                                         A|       pointer|
|m_axi_A_AWADDR    |  out|   64|       m_axi|                                         A|       pointer|
|m_axi_A_AWID      |  out|    1|       m_axi|                                         A|       pointer|
|m_axi_A_AWLEN     |  out|   32|       m_axi|                                         A|       pointer|
|m_axi_A_AWSIZE    |  out|    3|       m_axi|                                         A|       pointer|
|m_axi_A_AWBURST   |  out|    2|       m_axi|                                         A|       pointer|
|m_axi_A_AWLOCK    |  out|    2|       m_axi|                                         A|       pointer|
|m_axi_A_AWCACHE   |  out|    4|       m_axi|                                         A|       pointer|
|m_axi_A_AWPROT    |  out|    3|       m_axi|                                         A|       pointer|
|m_axi_A_AWQOS     |  out|    4|       m_axi|                                         A|       pointer|
|m_axi_A_AWREGION  |  out|    4|       m_axi|                                         A|       pointer|
|m_axi_A_AWUSER    |  out|    1|       m_axi|                                         A|       pointer|
|m_axi_A_WVALID    |  out|    1|       m_axi|                                         A|       pointer|
|m_axi_A_WREADY    |   in|    1|       m_axi|                                         A|       pointer|
|m_axi_A_WDATA     |  out|  256|       m_axi|                                         A|       pointer|
|m_axi_A_WSTRB     |  out|   32|       m_axi|                                         A|       pointer|
|m_axi_A_WLAST     |  out|    1|       m_axi|                                         A|       pointer|
|m_axi_A_WID       |  out|    1|       m_axi|                                         A|       pointer|
|m_axi_A_WUSER     |  out|    1|       m_axi|                                         A|       pointer|
|m_axi_A_ARVALID   |  out|    1|       m_axi|                                         A|       pointer|
|m_axi_A_ARREADY   |   in|    1|       m_axi|                                         A|       pointer|
|m_axi_A_ARADDR    |  out|   64|       m_axi|                                         A|       pointer|
|m_axi_A_ARID      |  out|    1|       m_axi|                                         A|       pointer|
|m_axi_A_ARLEN     |  out|   32|       m_axi|                                         A|       pointer|
|m_axi_A_ARSIZE    |  out|    3|       m_axi|                                         A|       pointer|
|m_axi_A_ARBURST   |  out|    2|       m_axi|                                         A|       pointer|
|m_axi_A_ARLOCK    |  out|    2|       m_axi|                                         A|       pointer|
|m_axi_A_ARCACHE   |  out|    4|       m_axi|                                         A|       pointer|
|m_axi_A_ARPROT    |  out|    3|       m_axi|                                         A|       pointer|
|m_axi_A_ARQOS     |  out|    4|       m_axi|                                         A|       pointer|
|m_axi_A_ARREGION  |  out|    4|       m_axi|                                         A|       pointer|
|m_axi_A_ARUSER    |  out|    1|       m_axi|                                         A|       pointer|
|m_axi_A_RVALID    |   in|    1|       m_axi|                                         A|       pointer|
|m_axi_A_RREADY    |  out|    1|       m_axi|                                         A|       pointer|
|m_axi_A_RDATA     |   in|  256|       m_axi|                                         A|       pointer|
|m_axi_A_RLAST     |   in|    1|       m_axi|                                         A|       pointer|
|m_axi_A_RID       |   in|    1|       m_axi|                                         A|       pointer|
|m_axi_A_RFIFONUM  |   in|    9|       m_axi|                                         A|       pointer|
|m_axi_A_RUSER     |   in|    1|       m_axi|                                         A|       pointer|
|m_axi_A_RRESP     |   in|    2|       m_axi|                                         A|       pointer|
|m_axi_A_BVALID    |   in|    1|       m_axi|                                         A|       pointer|
|m_axi_A_BREADY    |  out|    1|       m_axi|                                         A|       pointer|
|m_axi_A_BRESP     |   in|    2|       m_axi|                                         A|       pointer|
|m_axi_A_BID       |   in|    1|       m_axi|                                         A|       pointer|
|m_axi_A_BUSER     |   in|    1|       m_axi|                                         A|       pointer|
|RM                |   in|    8|     ap_none|                                        RM|        scalar|
|mul_ln97          |   in|   16|     ap_none|                                  mul_ln97|        scalar|
|add_ln70          |   in|   63|     ap_none|                                  add_ln70|        scalar|
|empty_27          |   in|   63|     ap_none|                                  empty_27|        scalar|
|zext_ln72         |   in|   31|     ap_none|                                 zext_ln72|        scalar|
|B_offset          |   in|   64|     ap_none|                                  B_offset|        scalar|
|Cv_address0       |  out|    4|   ap_memory|                                        Cv|         array|
|Cv_ce0            |  out|    1|   ap_memory|                                        Cv|         array|
|Cv_we0            |  out|    1|   ap_memory|                                        Cv|         array|
|Cv_d0             |  out|   16|   ap_memory|                                        Cv|         array|
|Cv_q0             |   in|   16|   ap_memory|                                        Cv|         array|
|add_ln69          |   in|   63|     ap_none|                                  add_ln69|        scalar|
|empty             |   in|   63|     ap_none|                                     empty|        scalar|
|A_offset          |   in|   64|     ap_none|                                  A_offset|        scalar|
+------------------+-----+-----+------------+------------------------------------------+--------------+

