

================================================================
== Vitis HLS Report for 'sgemm_Pipeline_VITIS_LOOP_87_2_VITIS_LOOP_89_3'
================================================================
* Date:           Wed Jul 31 23:41:34 2024

* Version:        2023.2 (Build 4023990 on Oct 11 2023)
* Project:        blas
* Solution:       hls (Vivado IP Flow Target)
* Product family: zynquplus
* Target device:  xck26-sfvc784-2LV-c


================================================================
== Performance Estimates
================================================================
+ Timing: 
    * Summary: 
    +--------+---------+----------+------------+
    |  Clock |  Target | Estimated| Uncertainty|
    +--------+---------+----------+------------+
    |ap_clk  |  4.00 ns|  3.115 ns|     1.08 ns|
    +--------+---------+----------+------------+

+ Latency: 
    * Summary: 
    +---------+---------+----------+----------+-----+-----+---------+
    |  Latency (cycles) |  Latency (absolute) |  Interval | Pipeline|
    |   min   |   max   |    min   |    max   | min | max |   Type  |
    +---------+---------+----------+----------+-----+-----+---------+
    |        2|      779|  8.000 ns|  3.116 us|    2|  779|       no|
    +---------+---------+----------+----------+-----+-----+---------+

    + Detail: 
        * Instance: 
        N/A

        * Loop: 
        +-----------------------------------+---------+---------+----------+-----------+-----------+---------+----------+
        |                                   |  Latency (cycles) | Iteration|  Initiation Interval  |   Trip  |          |
        |             Loop Name             |   min   |   max   |  Latency |  achieved |   target  |  Count  | Pipelined|
        +-----------------------------------+---------+---------+----------+-----------+-----------+---------+----------+
        |- VITIS_LOOP_87_2_VITIS_LOOP_89_3  |        0|      777|        14|          1|          1|  0 ~ 765|       yes|
        +-----------------------------------+---------+---------+----------+-----------+-----------+---------+----------+



================================================================
== Utilization Estimates
================================================================
* Summary: 
+-----------------+---------+------+--------+--------+-----+
|       Name      | BRAM_18K|  DSP |   FF   |   LUT  | URAM|
+-----------------+---------+------+--------+--------+-----+
|DSP              |        -|     -|       -|       -|    -|
|Expression       |        -|     -|       0|     359|    -|
|FIFO             |        -|     -|       -|       -|    -|
|Instance         |        -|    10|     429|     237|    -|
|Memory           |        -|     -|       -|       -|    -|
|Multiplexer      |        -|     -|       -|      99|    -|
|Register         |        -|     -|     484|      96|    -|
+-----------------+---------+------+--------+--------+-----+
|Total            |        0|    10|     913|     791|    0|
+-----------------+---------+------+--------+--------+-----+
|Available        |      288|  1248|  234240|  117120|   64|
+-----------------+---------+------+--------+--------+-----+
|Utilization (%)  |        0|    ~0|      ~0|      ~0|    0|
+-----------------+---------+------+--------+--------+-----+

+ Detail: 
    * Instance: 
    +-------------------------------+---------------------------+---------+----+-----+-----+-----+
    |            Instance           |           Module          | BRAM_18K| DSP|  FF | LUT | URAM|
    +-------------------------------+---------------------------+---------+----+-----+-----+-----+
    |hptosp_16ns_32_2_no_dsp_1_U39  |hptosp_16ns_32_2_no_dsp_1  |        0|   0|    0|    0|    0|
    |mul_62s_62s_62_5_1_U40         |mul_62s_62s_62_5_1         |        0|  10|  429|  237|    0|
    +-------------------------------+---------------------------+---------+----+-----+-----+-----+
    |Total                          |                           |        0|  10|  429|  237|    0|
    +-------------------------------+---------------------------+---------+----+-----+-----+-----+

    * DSP: 
    N/A

    * Memory: 
    N/A

    * FIFO: 
    N/A

    * Expression: 
    +------------------------------------+----------+----+---+----+------------+------------+
    |            Variable Name           | Operation| DSP| FF| LUT| Bitwidth P0| Bitwidth P1|
    +------------------------------------+----------+----+---+----+------------+------------+
    |add_ln87_1_fu_346_p2                |         +|   0|  0|  69|          62|          62|
    |add_ln87_2_fu_358_p2                |         +|   0|  0|  71|          64|          64|
    |add_ln87_3_fu_227_p2                |         +|   0|  0|  23|          16|           1|
    |add_ln87_fu_281_p2                  |         +|   0|  0|  69|          62|          62|
    |add_ln91_fu_309_p2                  |         +|   0|  0|   7|           4|           4|
    |i_1_fu_315_p2                       |         +|   0|  0|  15|           8|           1|
    |j_2_fu_239_p2                       |         +|   0|  0|  15|           8|           1|
    |sub_ln91_fu_299_p2                  |         -|   0|  0|   7|           4|           4|
    |ap_block_pp0_stage0_01001           |       and|   0|  0|   2|           1|           1|
    |ap_block_state14_pp0_stage0_iter13  |       and|   0|  0|   2|           1|           1|
    |ap_block_state8_io                  |       and|   0|  0|   2|           1|           1|
    |ap_condition_500                    |       and|   0|  0|   2|           1|           1|
    |icmp_ln87_fu_221_p2                 |      icmp|   0|  0|  23|          16|          16|
    |icmp_ln89_1_fu_321_p2               |      icmp|   0|  0|  15|           8|           8|
    |icmp_ln89_fu_245_p2                 |      icmp|   0|  0|  15|           8|           8|
    |ap_block_pp0_stage0_11001           |        or|   0|  0|   2|           1|           1|
    |or_ln87_fu_251_p2                   |        or|   0|  0|   2|           1|           1|
    |select_ln87_1_fu_265_p3             |    select|   0|  0|   8|           1|           8|
    |select_ln87_fu_257_p3               |    select|   0|  0|   8|           1|           1|
    |ap_enable_pp0                       |       xor|   0|  0|   2|           1|           2|
    +------------------------------------+----------+----+---+----+------------+------------+
    |Total                               |          |   0|  0| 359|         269|         248|
    +------------------------------------+----------+----+---+----+------------+------------+

    * Multiplexer: 
    +----------------------------------------+----+-----------+-----+-----------+
    |                  Name                  | LUT| Input Size| Bits| Total Bits|
    +----------------------------------------+----+-----------+-----+-----------+
    |C_blk_n_AW                              |   9|          2|    1|          2|
    |C_blk_n_B                               |   9|          2|    1|          2|
    |C_blk_n_W                               |   9|          2|    1|          2|
    |ap_done_int                             |   9|          2|    1|          2|
    |ap_enable_reg_pp0_iter1                 |   9|          2|    1|          2|
    |ap_sig_allocacmp_i_load                 |   9|          2|    8|         16|
    |ap_sig_allocacmp_indvar_flatten15_load  |   9|          2|   16|         32|
    |ap_sig_allocacmp_j_load                 |   9|          2|    8|         16|
    |i_fu_94                                 |   9|          2|    8|         16|
    |indvar_flatten15_fu_102                 |   9|          2|   16|         32|
    |j_fu_98                                 |   9|          2|    8|         16|
    +----------------------------------------+----+-----------+-----+-----------+
    |Total                                   |  99|         22|   69|        138|
    +----------------------------------------+----+-----------+-----+-----------+

    * Register: 
    +-----------------------------------+----+----+-----+-----------+
    |                Name               | FF | LUT| Bits| Const Bits|
    +-----------------------------------+----+----+-----+-----------+
    |add_ln87_reg_442                   |  62|   0|   62|          0|
    |add_ln91_reg_447                   |   4|   0|    4|          0|
    |ap_CS_fsm                          |   1|   0|    1|          0|
    |ap_done_reg                        |   1|   0|    1|          0|
    |ap_enable_reg_pp0_iter1            |   1|   0|    1|          0|
    |ap_enable_reg_pp0_iter10           |   1|   0|    1|          0|
    |ap_enable_reg_pp0_iter11           |   1|   0|    1|          0|
    |ap_enable_reg_pp0_iter12           |   1|   0|    1|          0|
    |ap_enable_reg_pp0_iter13           |   1|   0|    1|          0|
    |ap_enable_reg_pp0_iter2            |   1|   0|    1|          0|
    |ap_enable_reg_pp0_iter3            |   1|   0|    1|          0|
    |ap_enable_reg_pp0_iter4            |   1|   0|    1|          0|
    |ap_enable_reg_pp0_iter5            |   1|   0|    1|          0|
    |ap_enable_reg_pp0_iter6            |   1|   0|    1|          0|
    |ap_enable_reg_pp0_iter7            |   1|   0|    1|          0|
    |ap_enable_reg_pp0_iter8            |   1|   0|    1|          0|
    |ap_enable_reg_pp0_iter9            |   1|   0|    1|          0|
    |ap_loop_exit_ready_pp0_iter10_reg  |   1|   0|    1|          0|
    |ap_loop_exit_ready_pp0_iter11_reg  |   1|   0|    1|          0|
    |ap_loop_exit_ready_pp0_iter12_reg  |   1|   0|    1|          0|
    |ap_loop_exit_ready_pp0_iter1_reg   |   1|   0|    1|          0|
    |ap_loop_exit_ready_pp0_iter2_reg   |   1|   0|    1|          0|
    |ap_loop_exit_ready_pp0_iter3_reg   |   1|   0|    1|          0|
    |ap_loop_exit_ready_pp0_iter4_reg   |   1|   0|    1|          0|
    |ap_loop_exit_ready_pp0_iter5_reg   |   1|   0|    1|          0|
    |ap_loop_exit_ready_pp0_iter6_reg   |   1|   0|    1|          0|
    |ap_loop_exit_ready_pp0_iter7_reg   |   1|   0|    1|          0|
    |ap_loop_exit_ready_pp0_iter8_reg   |   1|   0|    1|          0|
    |ap_loop_exit_ready_pp0_iter9_reg   |   1|   0|    1|          0|
    |conv59_i_reg_476                   |  32|   0|   32|          0|
    |i_fu_94                            |   8|   0|    8|          0|
    |icmp_ln87_reg_434                  |   1|   0|    1|          0|
    |icmp_ln89_1_reg_452                |   1|   0|    1|          0|
    |indvar_flatten15_fu_102            |  16|   0|   16|          0|
    |j_fu_98                            |   8|   0|    8|          0|
    |mul_ln87_reg_456                   |  62|   0|   62|          0|
    |or_ln87_reg_438                    |   1|   0|    1|          0|
    |sext_ln89_mid2_v_reg_466           |  62|   0|   62|          0|
    |zext_ln89_cast_reg_429             |   8|   0|   32|         24|
    |add_ln91_reg_447                   |  64|  32|    4|          0|
    |icmp_ln89_1_reg_452                |  64|  32|    1|          0|
    |or_ln87_reg_438                    |  64|  32|    1|          0|
    +-----------------------------------+----+----+-----+-----------+
    |Total                              | 484|  96|  322|         24|
    +-----------------------------------+----+----+-----+-----------+



================================================================
== Interface
================================================================
* Summary: 
+------------------+-----+-----+------------+------------------------------------------------+--------------+
|     RTL Ports    | Dir | Bits|  Protocol  |                  Source Object                 |    C Type    |
+------------------+-----+-----+------------+------------------------------------------------+--------------+
|ap_clk            |   in|    1|  ap_ctrl_hs|  sgemm_Pipeline_VITIS_LOOP_87_2_VITIS_LOOP_89_3|  return value|
|ap_rst            |   in|    1|  ap_ctrl_hs|  sgemm_Pipeline_VITIS_LOOP_87_2_VITIS_LOOP_89_3|  return value|
|ap_start          |   in|    1|  ap_ctrl_hs|  sgemm_Pipeline_VITIS_LOOP_87_2_VITIS_LOOP_89_3|  return value|
|ap_done           |  out|    1|  ap_ctrl_hs|  sgemm_Pipeline_VITIS_LOOP_87_2_VITIS_LOOP_89_3|  return value|
|ap_idle           |  out|    1|  ap_ctrl_hs|  sgemm_Pipeline_VITIS_LOOP_87_2_VITIS_LOOP_89_3|  return value|
|ap_ready          |  out|    1|  ap_ctrl_hs|  sgemm_Pipeline_VITIS_LOOP_87_2_VITIS_LOOP_89_3|  return value|
|m_axi_C_AWVALID   |  out|    1|       m_axi|                                               C|       pointer|
|m_axi_C_AWREADY   |   in|    1|       m_axi|                                               C|       pointer|
|m_axi_C_AWADDR    |  out|   64|       m_axi|                                               C|       pointer|
|m_axi_C_AWID      |  out|    1|       m_axi|                                               C|       pointer|
|m_axi_C_AWLEN     |  out|   32|       m_axi|                                               C|       pointer|
|m_axi_C_AWSIZE    |  out|    3|       m_axi|                                               C|       pointer|
|m_axi_C_AWBURST   |  out|    2|       m_axi|                                               C|       pointer|
|m_axi_C_AWLOCK    |  out|    2|       m_axi|                                               C|       pointer|
|m_axi_C_AWCACHE   |  out|    4|       m_axi|                                               C|       pointer|
|m_axi_C_AWPROT    |  out|    3|       m_axi|                                               C|       pointer|
|m_axi_C_AWQOS     |  out|    4|       m_axi|                                               C|       pointer|
|m_axi_C_AWREGION  |  out|    4|       m_axi|                                               C|       pointer|
|m_axi_C_AWUSER    |  out|    1|       m_axi|                                               C|       pointer|
|m_axi_C_WVALID    |  out|    1|       m_axi|                                               C|       pointer|
|m_axi_C_WREADY    |   in|    1|       m_axi|                                               C|       pointer|
|m_axi_C_WDATA     |  out|   32|       m_axi|                                               C|       pointer|
|m_axi_C_WSTRB     |  out|    4|       m_axi|                                               C|       pointer|
|m_axi_C_WLAST     |  out|    1|       m_axi|                                               C|       pointer|
|m_axi_C_WID       |  out|    1|       m_axi|                                               C|       pointer|
|m_axi_C_WUSER     |  out|    1|       m_axi|                                               C|       pointer|
|m_axi_C_ARVALID   |  out|    1|       m_axi|                                               C|       pointer|
|m_axi_C_ARREADY   |   in|    1|       m_axi|                                               C|       pointer|
|m_axi_C_ARADDR    |  out|   64|       m_axi|                                               C|       pointer|
|m_axi_C_ARID      |  out|    1|       m_axi|                                               C|       pointer|
|m_axi_C_ARLEN     |  out|   32|       m_axi|                                               C|       pointer|
|m_axi_C_ARSIZE    |  out|    3|       m_axi|                                               C|       pointer|
|m_axi_C_ARBURST   |  out|    2|       m_axi|                                               C|       pointer|
|m_axi_C_ARLOCK    |  out|    2|       m_axi|                                               C|       pointer|
|m_axi_C_ARCACHE   |  out|    4|       m_axi|                                               C|       pointer|
|m_axi_C_ARPROT    |  out|    3|       m_axi|                                               C|       pointer|
|m_axi_C_ARQOS     |  out|    4|       m_axi|                                               C|       pointer|
|m_axi_C_ARREGION  |  out|    4|       m_axi|                                               C|       pointer|
|m_axi_C_ARUSER    |  out|    1|       m_axi|                                               C|       pointer|
|m_axi_C_RVALID    |   in|    1|       m_axi|                                               C|       pointer|
|m_axi_C_RREADY    |  out|    1|       m_axi|                                               C|       pointer|
|m_axi_C_RDATA     |   in|   32|       m_axi|                                               C|       pointer|
|m_axi_C_RLAST     |   in|    1|       m_axi|                                               C|       pointer|
|m_axi_C_RID       |   in|    1|       m_axi|                                               C|       pointer|
|m_axi_C_RFIFONUM  |   in|    9|       m_axi|                                               C|       pointer|
|m_axi_C_RUSER     |   in|    1|       m_axi|                                               C|       pointer|
|m_axi_C_RRESP     |   in|    2|       m_axi|                                               C|       pointer|
|m_axi_C_BVALID    |   in|    1|       m_axi|                                               C|       pointer|
|m_axi_C_BREADY    |  out|    1|       m_axi|                                               C|       pointer|
|m_axi_C_BRESP     |   in|    2|       m_axi|                                               C|       pointer|
|m_axi_C_BID       |   in|    1|       m_axi|                                               C|       pointer|
|m_axi_C_BUSER     |   in|    1|       m_axi|                                               C|       pointer|
|mul_ln97          |   in|   16|     ap_none|                                        mul_ln97|        scalar|
|Cv_address0       |  out|    4|   ap_memory|                                              Cv|         array|
|Cv_ce0            |  out|    1|   ap_memory|                                              Cv|         array|
|Cv_q0             |   in|   16|   ap_memory|                                              Cv|         array|
|RM                |   in|    8|     ap_none|                                              RM|        scalar|
|zext_ln89         |   in|    8|     ap_none|                                       zext_ln89|        scalar|
|empty_25          |   in|   62|     ap_none|                                        empty_25|        scalar|
|empty_26          |   in|   62|     ap_none|                                        empty_26|        scalar|
|empty             |   in|   62|     ap_none|                                           empty|        scalar|
|C_offset          |   in|   64|     ap_none|                                        C_offset|        scalar|
+------------------+-----+-----+------------+------------------------------------------------+--------------+

